yarn run v1.22.22
$ next build
   Ôû▓ Next.js 15.4.2
   - Environments: .env

   Creating an optimized production build ...
 Ô£ô Compiled successfully in 9.0s
   Linting and checking validity of types ...

Failed to compile.

./app/api/cron/update-platform-rates/route.ts
68:37  Error: Unexpected any. Specify a different type.  @typescript-eslint/no-explicit-any
91:57  Error: Unexpected any. Specify a different type.  @typescript-eslint/no-explicit-any
168:18  Error: Unexpected any. Specify a different type.  @typescript-eslint/no-explicit-any
169:17  Error: Unexpected any. Specify a different type.  @typescript-eslint/no-explicit-any

./lib/api.ts
5:10  Warning: 'FxVendor' is defined but never used.  @typescript-eslint/no-unused-vars

./lib/auth-context.tsx
104:47  Warning: 'newPassword' is defined but never used.  @typescript-eslint/no-unused-vars
117:15  Warning: 'data' is assigned a value but never used.  @typescript-eslint/no-unused-vars

./lib/fx-engine/collectors/external-market.ts
128:12  Warning: 'error' is defined but never used.  @typescript-eslint/no-unused-vars
145:7  Warning: Unused eslint-disable directive (no problems were reported from '@typescript-eslint/no-unused-vars').

./lib/fx-engine/index.ts
92:26  Warning: '_unused' is assigned a value but never used.  @typescript-eslint/no-unused-vars

./lib/supabase.ts
11:3  Warning: Unused eslint-disable directive (no problems were reported from 'no-console').

info  - Need to disable some ESLint rules? Learn more here: https://nextjs.org/docs/app/api-reference/config/eslint#disabling-rules
error Command failed with exit code 1.
info Visit https://yarnpkg.com/en/docs/cli/run for documentation about this command.
